// Jest Snapshot v1, https://goo.gl/fbAQLP

exports[`should render the edit expense page 1`] = `
<div>
  <div>
    EditExpensePage
  </div>
  <ExpenseForm
    amount={6000}
    createdAt={"1970-01-06T00:00:00.000Z"}
    description="Rent"
    id="1"
    note="Starting rent for the month"
    onSubmit={[Function]}
  />
  <button
    onClick={[Function]}
  >
    Remove
  </button>
</div>
`;
