// Jest Snapshot v1, https://goo.gl/fbAQLP

exports[`should render message when there are no expenses 1`] = `
<div>
  <h2>
    Expense List
  </h2>
  <p>
    No expenses to show
  </p>
</div>
`;

exports[`should render the expenses list 1`] = `
<div>
  <h2>
    Expense List
  </h2>
  <ul>
    <li
      key="0"
    >
      <ExpenseListItem
        amount={25000}
        createdAt={"1969-12-27T00:00:00.000Z"}
        description="Downpayment"
        id="0"
        note="For renting the new apartment"
      />
    </li>
    <li
      key="1"
    >
      <ExpenseListItem
        amount={6000}
        createdAt={"1970-01-06T00:00:00.000Z"}
        description="Rent"
        id="1"
        note="Starting rent for the month"
      />
    </li>
    <li
      key="2"
    >
      <ExpenseListItem
        amount={200}
        createdAt={"1970-01-01T00:00:00.000Z"}
        description="Phone bill"
        id="2"
        note=""
      />
    </li>
  </ul>
</div>
`;
